
> synapse@0.1.0 build
> next build

   Ôû▓ Next.js 15.5.9

   Creating an optimized production build ...
 Ô£ô Compiled successfully in 8.3s
   Linting and checking validity of types ...
node.exe : 
En línea: 1 
Carácter: 1
+ & "C:\Program Files
\nodejs/node.exe" 
"C:\Program 
Files\nodejs/node_mo 
...
+ ~~~~~~~~~~~~~~~~~~~
~~~~~~~~~~~~~~~~~~~~~
~~~~~~~~~~~~~~~~~~~~~
~~~~~~~~
    + CategoryInfo   
           : NotSpe  
  cified: (:String   
 ) [], RemoteExce    
ption
    + FullyQualified 
   ErrorId : Native  
  CommandError
 
Failed to compile.

./src/components/feat
ures/graph/ForceGraph
.tsx
18:9  Error: Error: 
Calling setState 
synchronously within 
an effect can 
trigger cascading 
renders

Effects are intended 
to synchronize state 
between React and 
external systems 
such as manually 
updating the DOM, 
state management 
libraries, or other 
platform APIs. In 
general, the body of 
an effect should do 
one or both of the 
following:
* Update external 
systems with the 
latest state from 
React.
* Subscribe for 
updates from some 
external system, 
calling setState in 
a callback function 
when external state 
changes.

Calling setState 
synchronously within 
an effect body 
causes cascading 
renders that can 
hurt performance, 
and is not 
recommended. (https:/
/react.dev/learn/you-
might-not-need-an-eff
ect).

C:\Dev\synapse\src\co
mponents\features\gra
ph\ForceGraph.tsx:18:
9
  16 |
  17 |     
useEffect(() => {
> 18 |         
setIsMounted(true);
     |         
^^^^^^^^^^^^ Avoid 
calling setState() 
directly within an 
effect
  19 |
  20 |         // 
Funci├│n para 
ajustar el gr├ífico 
al tama├▒o de la 
pantalla
  21 |         const 
updateDimensions = 
() => {  react-hooks/
set-state-in-effect
48:35  Error: 
Unexpected any. 
Specify a different 
type.  @typescript-es
lint/no-explicit-any

./src/components/feat
ures/notes/EditorTool
bar.tsx
44:14  Error: Error: 
Cannot create 
components during 
render

Components created 
during render will 
reset their state 
each time they are 
created. Declare 
components outside 
of render.

C:\Dev\synapse\src\co
mponents\features\not
es\EditorToolbar.tsx:
44:14
  42 |         <div 
className="border-b 
border-zinc-200 
dark:border-zinc-800 
p-2 flex gap-1 
bg-white/50 
dark:bg-zinc-900/50 
backdrop-blur-sm 
sticky top-0 z-10">
  43 |
> 44 |             
<ToggleButton
     |              
^^^^^^^^^^^^ This 
component is created 
during render
  45 |               
  onClick={() => edit
or.chain().focus().to
ggleHeading({ level: 
1 }).run()}
  46 |               
  isActive={editor.is
Active("heading", { 
level: 1 })}
  47 |             >

C:\Dev\synapse\src\co
mponents\features\not
es\EditorToolbar.tsx:
23:26
  21 |     if 
(!editor) return 
null;
  22 |
> 23 |     const 
ToggleButton = ({
     |               
           ^^
> 24 |         
isActive,
     | 
^^^^^^^^^^^^^^^^^
> 25 |         
onClick,
     ÔÇª
     | 
^^^^^^^^^^^^^^^^^
> 38 |         
</button>
     | 
^^^^^^^^^^^^^^^^^
> 39 |     );
     | ^^^^^^ The 
component is created 
during render here
  40 |
  41 |     return (
  42 |         <div 
className="border-b 
border-zinc-200 
dark:border-zinc-800 
p-2 flex gap-1 
bg-white/50 
dark:bg-zinc-900/50 
backdrop-blur-sm 
sticky top-0 z-10">  
react-hooks/static-co
mponents
51:14  Error: Error: 
Cannot create 
components during 
render

Components created 
during render will 
reset their state 
each time they are 
created. Declare 
components outside 
of render.

C:\Dev\synapse\src\co
mponents\features\not
es\EditorToolbar.tsx:
51:14
  49 |             
</ToggleButton>
  50 |
> 51 |             
<ToggleButton
     |              
^^^^^^^^^^^^ This 
component is created 
during render
  52 |               
  onClick={() => edit
or.chain().focus().to
ggleHeading({ level: 
2 }).run()}
  53 |               
  isActive={editor.is
Active("heading", { 
level: 2 })}
  54 |             >

C:\Dev\synapse\src\co
mponents\features\not
es\EditorToolbar.tsx:
23:26
  21 |     if 
(!editor) return 
null;
  22 |
> 23 |     const 
ToggleButton = ({
     |               
           ^^
> 24 |         
isActive,
     | 
^^^^^^^^^^^^^^^^^
> 25 |         
onClick,
     ÔÇª
     | 
^^^^^^^^^^^^^^^^^
> 38 |         
</button>
     | 
^^^^^^^^^^^^^^^^^
> 39 |     );
     | ^^^^^^ The 
component is created 
during render here
  40 |
  41 |     return (
  42 |         <div 
className="border-b 
border-zinc-200 
dark:border-zinc-800 
p-2 flex gap-1 
bg-white/50 
dark:bg-zinc-900/50 
backdrop-blur-sm 
sticky top-0 z-10">  
react-hooks/static-co
mponents
60:14  Error: Error: 
Cannot create 
components during 
render

Components created 
during render will 
reset their state 
each time they are 
created. Declare 
components outside 
of render.

C:\Dev\synapse\src\co
mponents\features\not
es\EditorToolbar.tsx:
60:14
  58 |             
<div className="w-px 
h-6 bg-zinc-300 
dark:bg-zinc-700 
mx-2 self-center" />
  59 |
> 60 |             
<ToggleButton
     |              
^^^^^^^^^^^^ This 
component is created 
during render
  61 |               
  onClick={() => edit
or.chain().focus().to
ggleBold().run()}
  62 |               
  isActive={editor.is
Active("bold")}
  63 |             >

C:\Dev\synapse\src\co
mponents\features\not
es\EditorToolbar.tsx:
23:26
  21 |     if 
(!editor) return 
null;
  22 |
> 23 |     const 
ToggleButton = ({
     |               
           ^^
> 24 |         
isActive,
     | 
^^^^^^^^^^^^^^^^^
> 25 |         
onClick,
     ÔÇª
     | 
^^^^^^^^^^^^^^^^^
> 38 |         
</button>
     | 
^^^^^^^^^^^^^^^^^
> 39 |     );
     | ^^^^^^ The 
component is created 
during render here
  40 |
  41 |     return (
  42 |         <div 
className="border-b 
border-zinc-200 
dark:border-zinc-800 
p-2 flex gap-1 
bg-white/50 
dark:bg-zinc-900/50 
backdrop-blur-sm 
sticky top-0 z-10">  
react-hooks/static-co
mponents
67:14  Error: Error: 
Cannot create 
components during 
render

Components created 
during render will 
reset their state 
each time they are 
created. Declare 
components outside 
of render.

C:\Dev\synapse\src\co
mponents\features\not
es\EditorToolbar.tsx:
67:14
  65 |             
</ToggleButton>
  66 |
> 67 |             
<ToggleButton
     |              
^^^^^^^^^^^^ This 
component is created 
during render
  68 |               
  onClick={() => edit
or.chain().focus().to
ggleItalic().run()}
  69 |               
  isActive={editor.is
Active("italic")}
  70 |             >

C:\Dev\synapse\src\co
mponents\features\not
es\EditorToolbar.tsx:
23:26
  21 |     if 
(!editor) return 
null;
  22 |
> 23 |     const 
ToggleButton = ({
     |               
           ^^
> 24 |         
isActive,
     | 
^^^^^^^^^^^^^^^^^
> 25 |         
onClick,
     ÔÇª
     | 
^^^^^^^^^^^^^^^^^
> 38 |         
</button>
     | 
^^^^^^^^^^^^^^^^^
> 39 |     );
     | ^^^^^^ The 
component is created 
during render here
  40 |
  41 |     return (
  42 |         <div 
className="border-b 
border-zinc-200 
dark:border-zinc-800 
p-2 flex gap-1 
bg-white/50 
dark:bg-zinc-900/50 
backdrop-blur-sm 
sticky top-0 z-10">  
react-hooks/static-co
mponents
76:14  Error: Error: 
Cannot create 
components during 
render

Components created 
during render will 
reset their state 
each time they are 
created. Declare 
components outside 
of render.

C:\Dev\synapse\src\co
mponents\features\not
es\EditorToolbar.tsx:
76:14
  74 |             
<div className="w-px 
h-6 bg-zinc-300 
dark:bg-zinc-700 
mx-2 self-center" />
  75 |
> 76 |             
<ToggleButton
     |              
^^^^^^^^^^^^ This 
component is created 
during render
  77 |               
  onClick={() => edit
or.chain().focus().to
ggleBulletList().run(
)}
  78 |               
  isActive={editor.is
Active("bulletList")}
  79 |             >

C:\Dev\synapse\src\co
mponents\features\not
es\EditorToolbar.tsx:
23:26
  21 |     if 
(!editor) return 
null;
  22 |
> 23 |     const 
ToggleButton = ({
     |               
           ^^
> 24 |         
isActive,
     | 
^^^^^^^^^^^^^^^^^
> 25 |         
onClick,
     ÔÇª
     | 
^^^^^^^^^^^^^^^^^
> 38 |         
</button>
     | 
^^^^^^^^^^^^^^^^^
> 39 |     );
     | ^^^^^^ The 
component is created 
during render here
  40 |
  41 |     return (
  42 |         <div 
className="border-b 
border-zinc-200 
dark:border-zinc-800 
p-2 flex gap-1 
bg-white/50 
dark:bg-zinc-900/50 
backdrop-blur-sm 
sticky top-0 z-10">  
react-hooks/static-co
mponents
83:14  Error: Error: 
Cannot create 
components during 
render

Components created 
during render will 
reset their state 
each time they are 
created. Declare 
components outside 
of render.

C:\Dev\synapse\src\co
mponents\features\not
es\EditorToolbar.tsx:
83:14
  81 |             
</ToggleButton>
  82 |
> 83 |             
<ToggleButton
     |              
^^^^^^^^^^^^ This 
component is created 
during render
  84 |               
  onClick={() => edit
or.chain().focus().to
ggleBlockquote().run(
)}
  85 |               
  isActive={editor.is
Active("blockquote")}
  86 |             >

C:\Dev\synapse\src\co
mponents\features\not
es\EditorToolbar.tsx:
23:26
  21 |     if 
(!editor) return 
null;
  22 |
> 23 |     const 
ToggleButton = ({
     |               
           ^^
> 24 |         
isActive,
     | 
^^^^^^^^^^^^^^^^^
> 25 |         
onClick,
     ÔÇª
     | 
^^^^^^^^^^^^^^^^^
> 38 |         
</button>
     | 
^^^^^^^^^^^^^^^^^
> 39 |     );
     | ^^^^^^ The 
component is created 
during render here
  40 |
  41 |     return (
  42 |         <div 
className="border-b 
border-zinc-200 
dark:border-zinc-800 
p-2 flex gap-1 
bg-white/50 
dark:bg-zinc-900/50 
backdrop-blur-sm 
sticky top-0 z-10">  
react-hooks/static-co
mponents
92:14  Error: Error: 
Cannot create 
components during 
render

Components created 
during render will 
reset their state 
each time they are 
created. Declare 
components outside 
of render.

C:\Dev\synapse\src\co
mponents\features\not
es\EditorToolbar.tsx:
92:14
  90 |             
<div 
className="flex-1" />
  91 |
> 92 |             
<ToggleButton 
onClick={() => editor
.chain().focus().undo
().run()}>
     |              
^^^^^^^^^^^^ This 
component is created 
during render
  93 |               
  <Undo 
className="w-4 h-4" 
/>
  94 |             
</ToggleButton>
  95 |

C:\Dev\synapse\src\co
mponents\features\not
es\EditorToolbar.tsx:
23:26
  21 |     if 
(!editor) return 
null;
  22 |
> 23 |     const 
ToggleButton = ({
     |               
           ^^
> 24 |         
isActive,
     | 
^^^^^^^^^^^^^^^^^
> 25 |         
onClick,
     ÔÇª
     | 
^^^^^^^^^^^^^^^^^
> 38 |         
</button>
     | 
^^^^^^^^^^^^^^^^^
> 39 |     );
     | ^^^^^^ The 
component is created 
during render here
  40 |
  41 |     return (
  42 |         <div 
className="border-b 
border-zinc-200 
dark:border-zinc-800 
p-2 flex gap-1 
bg-white/50 
dark:bg-zinc-900/50 
backdrop-blur-sm 
sticky top-0 z-10">  
react-hooks/static-co
mponents
96:14  Error: Error: 
Cannot create 
components during 
render

Components created 
during render will 
reset their state 
each time they are 
created. Declare 
components outside 
of render.

C:\Dev\synapse\src\co
mponents\features\not
es\EditorToolbar.tsx:
96:14
  94 |             
</ToggleButton>
  95 |
> 96 |             
<ToggleButton 
onClick={() => editor
.chain().focus().redo
().run()}>
     |              
^^^^^^^^^^^^ This 
component is created 
during render
  97 |               
  <Redo 
className="w-4 h-4" 
/>
  98 |             
</ToggleButton>
  99 |

C:\Dev\synapse\src\co
mponents\features\not
es\EditorToolbar.tsx:
23:26
  21 |     if 
(!editor) return 
null;
  22 |
> 23 |     const 
ToggleButton = ({
     |               
           ^^
> 24 |         
isActive,
     | 
^^^^^^^^^^^^^^^^^
> 25 |         
onClick,
     ÔÇª
     | 
^^^^^^^^^^^^^^^^^
> 38 |         
</button>
     | 
^^^^^^^^^^^^^^^^^
> 39 |     );
     | ^^^^^^ The 
component is created 
during render here
  40 |
  41 |     return (
  42 |         <div 
className="border-b 
border-zinc-200 
dark:border-zinc-800 
p-2 flex gap-1 
bg-white/50 
dark:bg-zinc-900/50 
backdrop-blur-sm 
sticky top-0 z-10">  
react-hooks/static-co
mponents

info  - Need to 
disable some ESLint 
rules? Learn more 
here: https://nextjs.
org/docs/app/api-refe
rence/config/eslint#d
isabling-rules
